[
  {
    "matchDate": "2022-12-18",
    "season": "2022-2023",
    "competition": "World Cup",
    "home": false,
    "team": "Argentina",
    "opponent": "France",
    "teamScore": 3,
    "opponentScore": 3,
    "goals": 2,
    "assists": 0,
    "started": true,
    "minutesPlayed": 120,
    "pensScored": 1,
    "pensMissed": 0,
    "hatTricks": 0,
    "freeKicks": 0,
    "insideBox": 1,
    "outsideBox": 0,
    "left": 1,
    "right": 1,
    "head": 0,
    "other": 0,
    "successfulDribbles": 0,
    "motm": false
  },
  {
    "matchDate": "2022-12-13",
    "season": "2022-2023",
    "competition": "World Cup",
    "home": false,
    "team": "Argentina",
    "opponent": "Croatia",
    "teamScore": 3,
    "opponentScore": 0,
    "goals": 1,
    "assists": 1,
    "started": true,
    "minutesPlayed": 90,
    "pensScored": 1,
    "pensMissed": 0,
    "hatTricks": 0,
    "freeKicks": 0,
    "insideBox": 0,
    "outsideBox": 0,
    "left": 1,
    "right": 0,
    "head": 0,
    "other": 0,
    "successfulDribbles": 4,
    "motm": false
  },
  {
    "matchDate": "2022-12-09",
    "season": "2022-2023",
    "competition": "World Cup",
    "home": false,
    "team": "Argentina",
    "opponent": "Netherlands",
    "teamScore": 2,
    "opponentScore": 2,
    "goals": 1,
    "assists": 1,
    "started": true,
    "minutesPlayed": 120,
    "pensScored": 1,
    "pensMissed": 0,
    "hatTricks": 0,
    "freeKicks": 0,
    "insideBox": 0,
    "outsideBox": 0,
    "left": 1,
    "right": 0,
    "head": 0,
    "other": 0,
    "successfulDribbles": 2,
    "motm": false
  },
  {
    "matchDate": "2022-11-22",
    "season": "2022-2023",
    "competition": "World Cup",
    "home": false,
    "team": "Argentina",
    "opponent": "Saudi Arabia",
    "teamScore": 1,
    "opponentScore": 2,
    "goals": 1,
    "assists": 0,
    "started": true,
    "minutesPlayed": 90,
    "pensScored": 1,
    "pensMissed": 0,
    "hatTricks": 0,
    "freeKicks": 0,
    "insideBox": 0,
    "outsideBox": 0,
    "left": 1,
    "right": 0,
    "head": 0,
    "other": 0,
    "successfulDribbles": 2,
    "motm": false
  }
]
