{
  "totalGoals": 7,
  "totalAssists": 3,
  "totalMatches": 7,
  "totalMinutes": 690,
  "homeMatches": 0,
  "awayMatches": 7,
  "matchesWon": 4,
  "matchesLost": 1,
  "matchesStarted": 7,
  "totalPensScored": 4,
  "totalPensMissed": 1,
  "totalHatTricks": 0,
  "totalFreeKicks": 0,
  "totalInsideBox": 2,
  "totalOutsideBox": 1,
  "totalLeft": 6,
  "totalRight": 1,
  "totalHeaded": 0,
  "totalOtherBodyPart": 0,
  "totalSuccessfulDribbles": 15,
  "totalMotm": 2
}
